22:28:39 **** Incremental Build of configuration Debug for project demo-work ****
make -r -j4 linker-script-debug.ld all 
make: 'linker-script-debug.ld' is up to date.
Building file: ../main-demo.cpp
Invoking: MCU C++ Compiler
arm-none-eabi-c++ -std=gnu++98 -DDEVICE_EMAC=1 -DFEATURE_LWIP=1 -D__MBED__=1 -DDEVICE_I2CSLAVE=1 -D__FPU_PRESENT=1 -DTARGET_Freescale -DDEVICE_PORTINOUT=1 -DTARGET_RTOS_M4_M7 -DDEVICE_RTC=1 -DTOOLCHAIN_object -DDEVICE_SERIAL_ASYNCH=1 -D__CMSIS_RTOS -DFSL_RTOS_MBED -DDEVICE_STORAGE=1 -DTARGET_KPSDK_MCUS -DTOOLCHAIN_GCC -DDEVICE_CRC=1 -DTARGET_CORTEX_M -DTARGET_KSDK2_MCUS -DTARGET_LIKE_CORTEX_M4 -DDEVICE_ANALOGOUT=1 -DTARGET_M4 -DTARGET_UVISOR_UNSUPPORTED -DTARGET_K64F -DDEVICE_SPI_ASYNCH=1 -DDEVICE_LPTICKER=1 -DDEVICE_PWMOUT=1 -DMBED_BUILD_TIMESTAMP=1534012501.71 -DTARGET_Freescale_EMAC -DTARGET_CORTEX -DDEVICE_I2C=1 -DDEVICE_PORTOUT=1 -D__CORTEX_M4 -DDEVICE_STDIO_MESSAGES=1 -DCPU_MK64FN1M0VMD12 -DTARGET_LIKE_MBED -DTARGET_FF_ARDUINO -DTARGET_KPSDK_CODE -DTARGET_RELEASE -DDEVICE_SERIAL_FC=1 -DFEATURE_STORAGE=1 -DDEVICE_USTICKER=1 -DDEVICE_TRNG=1 -D__MBED_CMSIS_RTOS_CM -DDEVICE_SLEEP=1 -DTOOLCHAIN_GCC_ARM -DTARGET_FRDM -DTARGET_MCUXpresso_MCUS -DDEVICE_SPI=1 -DDEVICE_INTERRUPTIN=1 -DDEVICE_SPISLAVE=1 -DDEVICE_ANALOGIN=1 -DDEVICE_SERIAL=1 -DDEVICE_FLASH=1 -DDEVICE_PORTIN=1 -DTARGET_MCU_K64F -DARM_MATH_CM4 -D__NEWLIB__ -I"/poli/home/vyuka/apps/workspace.mcu/demo-work/." -I"/poli/home/vyuka/apps/workspace.mcu/demo-work/mbed/." -I"/poli/home/vyuka/apps/workspace.mcu/demo-work/mbed/TARGET_K64F" -I"/poli/home/vyuka/apps/workspace.mcu/demo-work/mbed/TARGET_K64F/TARGET_Freescale" -I"/poli/home/vyuka/apps/workspace.mcu/demo-work/mbed/TARGET_K64F/TARGET_Freescale/TARGET_MCUXpresso_MCUS" -I"/poli/home/vyuka/apps/workspace.mcu/demo-work/mbed/TARGET_K64F/TARGET_Freescale/TARGET_MCUXpresso_MCUS/TARGET_MCU_K64F" -I"/poli/home/vyuka/apps/workspace.mcu/demo-work/mbed/TARGET_K64F/TARGET_Freescale/TARGET_MCUXpresso_MCUS/TARGET_MCU_K64F/TARGET_FRDM" -I"/poli/home/vyuka/apps/workspace.mcu/demo-work/mbed/TARGET_K64F/TARGET_Freescale/TARGET_MCUXpresso_MCUS/TARGET_MCU_K64F/device" -I"/poli/home/vyuka/apps/workspace.mcu/demo-work/mbed/TARGET_K64F/TARGET_Freescale/TARGET_MCUXpresso_MCUS/TARGET_MCU_K64F/drivers" -I"/poli/home/vyuka/apps/workspace.mcu/demo-work/mbed/TARGET_K64F/TARGET_Freescale/TARGET_MCUXpresso_MCUS/api" -I"/poli/home/vyuka/apps/workspace.mcu/demo-work/mbed/TARGET_K64F/TOOLCHAIN_GCC_ARM" -I"/poli/home/vyuka/apps/workspace.mcu/demo-work/mbed/drivers" -I"/poli/home/vyuka/apps/workspace.mcu/demo-work/mbed/hal" -I"/poli/home/vyuka/apps/workspace.mcu/demo-work/mbed/platform" -I"/poli/home/vyuka/apps/workspace.mcu/demo-work/" -include"/poli/home/vyuka/apps/workspace.mcu/demo-work/mbed_config.h" -O0 -fno-rtti -fmessage-length=0 -fno-exceptions -fno-builtin -ffunction-sections -fdata-sections -funsigned-char -fno-delete-null-pointer-checks -fomit-frame-pointer -g3 -Wall -Wextra -c -DMBED_DEBUG -DMBED_TRAP_ERRORS_ENABLED=1 -Wno-unused-parameter -Wno-missing-field-initializers -mcpu=cortex-m4 -mfpu=fpv4-sp-d16 -mfloat-abi=softfp -mthumb -D__NEWLIB__ -fstack-usage -MMD -MP -MF"main-demo.d" -MT"main-demo.o" -MT"main-demo.d" -o "main-demo.o" "../main-demo.cpp"
Finished building: ../main-demo.cpp
 
Building target: demo-work.axf
Invoking: MCU C++ Linker
arm-none-eabi-c++ -o "demo-work.axf"  ./demo-i2c.o ./demo-lcd.o ./demo-leds.o ./font8x8.o ./i2c-lib.o ./lcd_lib.o ./main-demo.o ./si4735-lib.o  /poli/home/vyuka/apps/workspace.mcu/demo-work/mbed/TARGET_K64F/TOOLCHAIN_GCC_ARM/PeripheralPins.o  /poli/home/vyuka/apps/workspace.mcu/demo-work/mbed/TARGET_K64F/TOOLCHAIN_GCC_ARM/analogin_api.o /poli/home/vyuka/apps/workspace.mcu/demo-work/mbed/TARGET_K64F/TOOLCHAIN_GCC_ARM/analogout_api.o /poli/home/vyuka/apps/workspace.mcu/demo-work/mbed/TARGET_K64F/TOOLCHAIN_GCC_ARM/crc.o /poli/home/vyuka/apps/workspace.mcu/demo-work/mbed/TARGET_K64F/TOOLCHAIN_GCC_ARM/dma_api.o /poli/home/vyuka/apps/workspace.mcu/demo-work/mbed/TARGET_K64F/TOOLCHAIN_GCC_ARM/flash_api.o /poli/home/vyuka/apps/workspace.mcu/demo-work/mbed/TARGET_K64F/TOOLCHAIN_GCC_ARM/fsl_adc16.o /poli/home/vyuka/apps/workspace.mcu/demo-work/mbed/TARGET_K64F/TOOLCHAIN_GCC_ARM/fsl_clock.o /poli/home/vyuka/apps/workspace.mcu/demo-work/mbed/TARGET_K64F/TOOLCHAIN_GCC_ARM/fsl_clock_config.o /poli/home/vyuka/apps/workspace.mcu/demo-work/mbed/TARGET_K64F/TOOLCHAIN_GCC_ARM/fsl_cmp.o /poli/home/vyuka/apps/workspace.mcu/demo-work/mbed/TARGET_K64F/TOOLCHAIN_GCC_ARM/fsl_cmt.o /poli/home/vyuka/apps/workspace.mcu/demo-work/mbed/TARGET_K64F/TOOLCHAIN_GCC_ARM/fsl_common.o /poli/home/vyuka/apps/workspace.mcu/demo-work/mbed/TARGET_K64F/TOOLCHAIN_GCC_ARM/fsl_crc.o /poli/home/vyuka/apps/workspace.mcu/demo-work/mbed/TARGET_K64F/TOOLCHAIN_GCC_ARM/fsl_dac.o /poli/home/vyuka/apps/workspace.mcu/demo-work/mbed/TARGET_K64F/TOOLCHAIN_GCC_ARM/fsl_dmamux.o /poli/home/vyuka/apps/workspace.mcu/demo-work/mbed/TARGET_K64F/TOOLCHAIN_GCC_ARM/fsl_dspi.o /poli/home/vyuka/apps/workspace.mcu/demo-work/mbed/TARGET_K64F/TOOLCHAIN_GCC_ARM/fsl_dspi_edma.o /poli/home/vyuka/apps/workspace.mcu/demo-work/mbed/TARGET_K64F/TOOLCHAIN_GCC_ARM/fsl_edma.o /poli/home/vyuka/apps/workspace.mcu/demo-work/mbed/TARGET_K64F/TOOLCHAIN_GCC_ARM/fsl_enet.o /poli/home/vyuka/apps/workspace.mcu/demo-work/mbed/TARGET_K64F/TOOLCHAIN_GCC_ARM/fsl_ewm.o /poli/home/vyuka/apps/workspace.mcu/demo-work/mbed/TARGET_K64F/TOOLCHAIN_GCC_ARM/fsl_flash.o /poli/home/vyuka/apps/workspace.mcu/demo-work/mbed/TARGET_K64F/TOOLCHAIN_GCC_ARM/fsl_flexbus.o /poli/home/vyuka/apps/workspace.mcu/demo-work/mbed/TARGET_K64F/TOOLCHAIN_GCC_ARM/fsl_flexcan.o /poli/home/vyuka/apps/workspace.mcu/demo-work/mbed/TARGET_K64F/TOOLCHAIN_GCC_ARM/fsl_ftm.o /poli/home/vyuka/apps/workspace.mcu/demo-work/mbed/TARGET_K64F/TOOLCHAIN_GCC_ARM/fsl_gpio.o /poli/home/vyuka/apps/workspace.mcu/demo-work/mbed/TARGET_K64F/TOOLCHAIN_GCC_ARM/fsl_i2c.o /poli/home/vyuka/apps/workspace.mcu/demo-work/mbed/TARGET_K64F/TOOLCHAIN_GCC_ARM/fsl_i2c_edma.o /poli/home/vyuka/apps/workspace.mcu/demo-work/mbed/TARGET_K64F/TOOLCHAIN_GCC_ARM/fsl_llwu.o /poli/home/vyuka/apps/workspace.mcu/demo-work/mbed/TARGET_K64F/TOOLCHAIN_GCC_ARM/fsl_lptmr.o /poli/home/vyuka/apps/workspace.mcu/demo-work/mbed/TARGET_K64F/TOOLCHAIN_GCC_ARM/fsl_pdb.o /poli/home/vyuka/apps/workspace.mcu/demo-work/mbed/TARGET_K64F/TOOLCHAIN_GCC_ARM/fsl_phy.o /poli/home/vyuka/apps/workspace.mcu/demo-work/mbed/TARGET_K64F/TOOLCHAIN_GCC_ARM/fsl_pit.o /poli/home/vyuka/apps/workspace.mcu/demo-work/mbed/TARGET_K64F/TOOLCHAIN_GCC_ARM/fsl_pmc.o /poli/home/vyuka/apps/workspace.mcu/demo-work/mbed/TARGET_K64F/TOOLCHAIN_GCC_ARM/fsl_rcm.o /poli/home/vyuka/apps/workspace.mcu/demo-work/mbed/TARGET_K64F/TOOLCHAIN_GCC_ARM/fsl_rnga.o /poli/home/vyuka/apps/workspace.mcu/demo-work/mbed/TARGET_K64F/TOOLCHAIN_GCC_ARM/fsl_rtc.o /poli/home/vyuka/apps/workspace.mcu/demo-work/mbed/TARGET_K64F/TOOLCHAIN_GCC_ARM/fsl_sai.o /poli/home/vyuka/apps/workspace.mcu/demo-work/mbed/TARGET_K64F/TOOLCHAIN_GCC_ARM/fsl_sai_edma.o /poli/home/vyuka/apps/workspace.mcu/demo-work/mbed/TARGET_K64F/TOOLCHAIN_GCC_ARM/fsl_sdhc.o /poli/home/vyuka/apps/workspace.mcu/demo-work/mbed/TARGET_K64F/TOOLCHAIN_GCC_ARM/fsl_sim.o /poli/home/vyuka/apps/workspace.mcu/demo-work/mbed/TARGET_K64F/TOOLCHAIN_GCC_ARM/fsl_smc.o /poli/home/vyuka/apps/workspace.mcu/demo-work/mbed/TARGET_K64F/TOOLCHAIN_GCC_ARM/fsl_sysmpu.o /poli/home/vyuka/apps/workspace.mcu/demo-work/mbed/TARGET_K64F/TOOLCHAIN_GCC_ARM/fsl_uart.o /poli/home/vyuka/apps/workspace.mcu/demo-work/mbed/TARGET_K64F/TOOLCHAIN_GCC_ARM/fsl_uart_edma.o /poli/home/vyuka/apps/workspace.mcu/demo-work/mbed/TARGET_K64F/TOOLCHAIN_GCC_ARM/fsl_vref.o /poli/home/vyuka/apps/workspace.mcu/demo-work/mbed/TARGET_K64F/TOOLCHAIN_GCC_ARM/fsl_wdog.o /poli/home/vyuka/apps/workspace.mcu/demo-work/mbed/TARGET_K64F/TOOLCHAIN_GCC_ARM/gpio_api.o /poli/home/vyuka/apps/workspace.mcu/demo-work/mbed/TARGET_K64F/TOOLCHAIN_GCC_ARM/gpio_irq_api.o /poli/home/vyuka/apps/workspace.mcu/demo-work/mbed/TARGET_K64F/TOOLCHAIN_GCC_ARM/i2c_api.o /poli/home/vyuka/apps/workspace.mcu/demo-work/mbed/TARGET_K64F/TOOLCHAIN_GCC_ARM/lp_ticker.o /poli/home/vyuka/apps/workspace.mcu/demo-work/mbed/TARGET_K64F/TOOLCHAIN_GCC_ARM/mbed_board.o /poli/home/vyuka/apps/workspace.mcu/demo-work/mbed/TARGET_K64F/TOOLCHAIN_GCC_ARM/mbed_crc_api.o /poli/home/vyuka/apps/workspace.mcu/demo-work/mbed/TARGET_K64F/TOOLCHAIN_GCC_ARM/mbed_overrides.o /poli/home/vyuka/apps/workspace.mcu/demo-work/mbed/TARGET_K64F/TOOLCHAIN_GCC_ARM/mbed_retarget.o /poli/home/vyuka/apps/workspace.mcu/demo-work/mbed/TARGET_K64F/TOOLCHAIN_GCC_ARM/mbed_sdk_boot.o /poli/home/vyuka/apps/workspace.mcu/demo-work/mbed/TARGET_K64F/TOOLCHAIN_GCC_ARM/mbed_tz_context.o /poli/home/vyuka/apps/workspace.mcu/demo-work/mbed/TARGET_K64F/TOOLCHAIN_GCC_ARM/pinmap.o /poli/home/vyuka/apps/workspace.mcu/demo-work/mbed/TARGET_K64F/TOOLCHAIN_GCC_ARM/port_api.o /poli/home/vyuka/apps/workspace.mcu/demo-work/mbed/TARGET_K64F/TOOLCHAIN_GCC_ARM/pwmout_api.o /poli/home/vyuka/apps/workspace.mcu/demo-work/mbed/TARGET_K64F/TOOLCHAIN_GCC_ARM/rtc_api.o /poli/home/vyuka/apps/workspace.mcu/demo-work/mbed/TARGET_K64F/TOOLCHAIN_GCC_ARM/serial_api.o /poli/home/vyuka/apps/workspace.mcu/demo-work/mbed/TARGET_K64F/TOOLCHAIN_GCC_ARM/sleep.o /poli/home/vyuka/apps/workspace.mcu/demo-work/mbed/TARGET_K64F/TOOLCHAIN_GCC_ARM/spi_api.o /poli/home/vyuka/apps/workspace.mcu/demo-work/mbed/TARGET_K64F/TOOLCHAIN_GCC_ARM/startup_MK64F12.o /poli/home/vyuka/apps/workspace.mcu/demo-work/mbed/TARGET_K64F/TOOLCHAIN_GCC_ARM/storage_driver.o /poli/home/vyuka/apps/workspace.mcu/demo-work/mbed/TARGET_K64F/TOOLCHAIN_GCC_ARM/system_MK64F12.o /poli/home/vyuka/apps/workspace.mcu/demo-work/mbed/TARGET_K64F/TOOLCHAIN_GCC_ARM/trng_api.o /poli/home/vyuka/apps/workspace.mcu/demo-work/mbed/TARGET_K64F/TOOLCHAIN_GCC_ARM/us_ticker.o -lmbed -lstdc++ -lsupc++ -lm -lc -lgcc -lnosys -L"/poli/home/vyuka/apps/workspace.mcu/demo-work/mbed/TARGET_K64F/TOOLCHAIN_GCC_ARM" -DMBED_DEBUG -DMBED_TRAP_ERRORS_ENABLED=1 -Wl,-n -Wl,--start-group -lstdc++ -lsupc++ -lm -lc -lgcc -lnosys -lmbed -Wl,--end-group -Xlinker -Map="demo-work.map" -Xlinker -print-memory-usage -Xlinker --gc-sections -Xlinker --wrap=main -Xlinker --wrap=_malloc_r -Xlinker --wrap=_free_r -Xlinker --wrap=_realloc_r -Xlinker --wrap=_memalign_r -Xlinker --wrap=_calloc_r -Xlinker --wrap=exit -Xlinker --wrap=atexit -mcpu=cortex-m4 -mfpu=fpv4-sp-d16 -mfloat-abi=softfp -mthumb -T /poli/home/vyuka/apps/workspace.mcu/demo-work/Debug/linker-script-debug.ld
Memory region         Used Size  Region Size  %age Used
    m_interrupts:          1 KB         1 KB    100.00%
  m_flash_config:          16 B         16 B    100.00%
          m_text:       57424 B    1047536 B      5.48%
          m_data:          1 KB        64 KB      1.56%
        m_data_2:       31480 B       192 KB     16.01%
Finished building target: demo-work.axf
 
make --no-print-directory post-build
Performing post-build steps
arm-none-eabi-size "demo-work.axf" ; arm-none-eabi-objcopy -v -O binary "demo-work.axf" "demo-work.bin" ; checksum -p MK64FN1M0xxx12 -d "demo-work.bin"
   text	   data	    bss	    dec	    hex	filename
  55684	   2780	  29748	  88212	  15894	demo-work.axf
copy from `demo-work.axf' [elf32-littlearm] to `demo-work.bin' [binary]
Written checksum 0xdffcadcc at offset 0x1c in file demo-work.bin
Previous value 0x00000000 at offset 0x1c in file demo-work.bin
 

22:28:40 Build Finished. 0 errors, 0 warnings. (took 1s.134ms)

