12:00:32 **** Build of configuration Debug for project i2c ****
make -r -j6 linker-script-debug.ld all 
make: 'linker-script-debug.ld' is up to date.
Building target: i2c.axf
Invoking: MCU C++ Linker
arm-none-eabi-c++ -o "i2c.axf"  ./i2c-lib.o ./main-i2c.o ./si4735-lib.o  /home/fei/ngu0120/Downloads/APPS/apps-mcu-demo/workspace.mcu/i2c/mbed/TARGET_K64F/TOOLCHAIN_GCC_ARM/PeripheralPins.o /home/fei/ngu0120/Downloads/APPS/apps-mcu-demo/workspace.mcu/i2c/mbed/TARGET_K64F/TOOLCHAIN_GCC_ARM/analogin_api.o /home/fei/ngu0120/Downloads/APPS/apps-mcu-demo/workspace.mcu/i2c/mbed/TARGET_K64F/TOOLCHAIN_GCC_ARM/analogout_api.o /home/fei/ngu0120/Downloads/APPS/apps-mcu-demo/workspace.mcu/i2c/mbed/TARGET_K64F/TOOLCHAIN_GCC_ARM/crc.o /home/fei/ngu0120/Downloads/APPS/apps-mcu-demo/workspace.mcu/i2c/mbed/TARGET_K64F/TOOLCHAIN_GCC_ARM/dma_api.o /home/fei/ngu0120/Downloads/APPS/apps-mcu-demo/workspace.mcu/i2c/mbed/TARGET_K64F/TOOLCHAIN_GCC_ARM/flash_api.o /home/fei/ngu0120/Downloads/APPS/apps-mcu-demo/workspace.mcu/i2c/mbed/TARGET_K64F/TOOLCHAIN_GCC_ARM/fsl_adc16.o /home/fei/ngu0120/Downloads/APPS/apps-mcu-demo/workspace.mcu/i2c/mbed/TARGET_K64F/TOOLCHAIN_GCC_ARM/fsl_clock.o /home/fei/ngu0120/Downloads/APPS/apps-mcu-demo/workspace.mcu/i2c/mbed/TARGET_K64F/TOOLCHAIN_GCC_ARM/fsl_clock_config.o /home/fei/ngu0120/Downloads/APPS/apps-mcu-demo/workspace.mcu/i2c/mbed/TARGET_K64F/TOOLCHAIN_GCC_ARM/fsl_cmp.o /home/fei/ngu0120/Downloads/APPS/apps-mcu-demo/workspace.mcu/i2c/mbed/TARGET_K64F/TOOLCHAIN_GCC_ARM/fsl_cmt.o /home/fei/ngu0120/Downloads/APPS/apps-mcu-demo/workspace.mcu/i2c/mbed/TARGET_K64F/TOOLCHAIN_GCC_ARM/fsl_common.o /home/fei/ngu0120/Downloads/APPS/apps-mcu-demo/workspace.mcu/i2c/mbed/TARGET_K64F/TOOLCHAIN_GCC_ARM/fsl_crc.o /home/fei/ngu0120/Downloads/APPS/apps-mcu-demo/workspace.mcu/i2c/mbed/TARGET_K64F/TOOLCHAIN_GCC_ARM/fsl_dac.o /home/fei/ngu0120/Downloads/APPS/apps-mcu-demo/workspace.mcu/i2c/mbed/TARGET_K64F/TOOLCHAIN_GCC_ARM/fsl_dmamux.o /home/fei/ngu0120/Downloads/APPS/apps-mcu-demo/workspace.mcu/i2c/mbed/TARGET_K64F/TOOLCHAIN_GCC_ARM/fsl_dspi.o /home/fei/ngu0120/Downloads/APPS/apps-mcu-demo/workspace.mcu/i2c/mbed/TARGET_K64F/TOOLCHAIN_GCC_ARM/fsl_dspi_edma.o /home/fei/ngu0120/Downloads/APPS/apps-mcu-demo/workspace.mcu/i2c/mbed/TARGET_K64F/TOOLCHAIN_GCC_ARM/fsl_edma.o /home/fei/ngu0120/Downloads/APPS/apps-mcu-demo/workspace.mcu/i2c/mbed/TARGET_K64F/TOOLCHAIN_GCC_ARM/fsl_enet.o /home/fei/ngu0120/Downloads/APPS/apps-mcu-demo/workspace.mcu/i2c/mbed/TARGET_K64F/TOOLCHAIN_GCC_ARM/fsl_ewm.o /home/fei/ngu0120/Downloads/APPS/apps-mcu-demo/workspace.mcu/i2c/mbed/TARGET_K64F/TOOLCHAIN_GCC_ARM/fsl_flash.o /home/fei/ngu0120/Downloads/APPS/apps-mcu-demo/workspace.mcu/i2c/mbed/TARGET_K64F/TOOLCHAIN_GCC_ARM/fsl_flexbus.o /home/fei/ngu0120/Downloads/APPS/apps-mcu-demo/workspace.mcu/i2c/mbed/TARGET_K64F/TOOLCHAIN_GCC_ARM/fsl_flexcan.o /home/fei/ngu0120/Downloads/APPS/apps-mcu-demo/workspace.mcu/i2c/mbed/TARGET_K64F/TOOLCHAIN_GCC_ARM/fsl_ftm.o /home/fei/ngu0120/Downloads/APPS/apps-mcu-demo/workspace.mcu/i2c/mbed/TARGET_K64F/TOOLCHAIN_GCC_ARM/fsl_gpio.o /home/fei/ngu0120/Downloads/APPS/apps-mcu-demo/workspace.mcu/i2c/mbed/TARGET_K64F/TOOLCHAIN_GCC_ARM/fsl_i2c.o /home/fei/ngu0120/Downloads/APPS/apps-mcu-demo/workspace.mcu/i2c/mbed/TARGET_K64F/TOOLCHAIN_GCC_ARM/fsl_i2c_edma.o /home/fei/ngu0120/Downloads/APPS/apps-mcu-demo/workspace.mcu/i2c/mbed/TARGET_K64F/TOOLCHAIN_GCC_ARM/fsl_llwu.o /home/fei/ngu0120/Downloads/APPS/apps-mcu-demo/workspace.mcu/i2c/mbed/TARGET_K64F/TOOLCHAIN_GCC_ARM/fsl_lptmr.o /home/fei/ngu0120/Downloads/APPS/apps-mcu-demo/workspace.mcu/i2c/mbed/TARGET_K64F/TOOLCHAIN_GCC_ARM/fsl_pdb.o /home/fei/ngu0120/Downloads/APPS/apps-mcu-demo/workspace.mcu/i2c/mbed/TARGET_K64F/TOOLCHAIN_GCC_ARM/fsl_phy.o /home/fei/ngu0120/Downloads/APPS/apps-mcu-demo/workspace.mcu/i2c/mbed/TARGET_K64F/TOOLCHAIN_GCC_ARM/fsl_pit.o /home/fei/ngu0120/Downloads/APPS/apps-mcu-demo/workspace.mcu/i2c/mbed/TARGET_K64F/TOOLCHAIN_GCC_ARM/fsl_pmc.o /home/fei/ngu0120/Downloads/APPS/apps-mcu-demo/workspace.mcu/i2c/mbed/TARGET_K64F/TOOLCHAIN_GCC_ARM/fsl_rcm.o /home/fei/ngu0120/Downloads/APPS/apps-mcu-demo/workspace.mcu/i2c/mbed/TARGET_K64F/TOOLCHAIN_GCC_ARM/fsl_rnga.o /home/fei/ngu0120/Downloads/APPS/apps-mcu-demo/workspace.mcu/i2c/mbed/TARGET_K64F/TOOLCHAIN_GCC_ARM/fsl_rtc.o /home/fei/ngu0120/Downloads/APPS/apps-mcu-demo/workspace.mcu/i2c/mbed/TARGET_K64F/TOOLCHAIN_GCC_ARM/fsl_sai.o /home/fei/ngu0120/Downloads/APPS/apps-mcu-demo/workspace.mcu/i2c/mbed/TARGET_K64F/TOOLCHAIN_GCC_ARM/fsl_sai_edma.o /home/fei/ngu0120/Downloads/APPS/apps-mcu-demo/workspace.mcu/i2c/mbed/TARGET_K64F/TOOLCHAIN_GCC_ARM/fsl_sdhc.o /home/fei/ngu0120/Downloads/APPS/apps-mcu-demo/workspace.mcu/i2c/mbed/TARGET_K64F/TOOLCHAIN_GCC_ARM/fsl_sim.o /home/fei/ngu0120/Downloads/APPS/apps-mcu-demo/workspace.mcu/i2c/mbed/TARGET_K64F/TOOLCHAIN_GCC_ARM/fsl_smc.o /home/fei/ngu0120/Downloads/APPS/apps-mcu-demo/workspace.mcu/i2c/mbed/TARGET_K64F/TOOLCHAIN_GCC_ARM/fsl_sysmpu.o /home/fei/ngu0120/Downloads/APPS/apps-mcu-demo/workspace.mcu/i2c/mbed/TARGET_K64F/TOOLCHAIN_GCC_ARM/fsl_uart.o /home/fei/ngu0120/Downloads/APPS/apps-mcu-demo/workspace.mcu/i2c/mbed/TARGET_K64F/TOOLCHAIN_GCC_ARM/fsl_uart_edma.o /home/fei/ngu0120/Downloads/APPS/apps-mcu-demo/workspace.mcu/i2c/mbed/TARGET_K64F/TOOLCHAIN_GCC_ARM/fsl_vref.o /home/fei/ngu0120/Downloads/APPS/apps-mcu-demo/workspace.mcu/i2c/mbed/TARGET_K64F/TOOLCHAIN_GCC_ARM/fsl_wdog.o /home/fei/ngu0120/Downloads/APPS/apps-mcu-demo/workspace.mcu/i2c/mbed/TARGET_K64F/TOOLCHAIN_GCC_ARM/gpio_api.o /home/fei/ngu0120/Downloads/APPS/apps-mcu-demo/workspace.mcu/i2c/mbed/TARGET_K64F/TOOLCHAIN_GCC_ARM/gpio_irq_api.o /home/fei/ngu0120/Downloads/APPS/apps-mcu-demo/workspace.mcu/i2c/mbed/TARGET_K64F/TOOLCHAIN_GCC_ARM/i2c_api.o /home/fei/ngu0120/Downloads/APPS/apps-mcu-demo/workspace.mcu/i2c/mbed/TARGET_K64F/TOOLCHAIN_GCC_ARM/lp_ticker.o /home/fei/ngu0120/Downloads/APPS/apps-mcu-demo/workspace.mcu/i2c/mbed/TARGET_K64F/TOOLCHAIN_GCC_ARM/mbed_board.o /home/fei/ngu0120/Downloads/APPS/apps-mcu-demo/workspace.mcu/i2c/mbed/TARGET_K64F/TOOLCHAIN_GCC_ARM/mbed_crc_api.o /home/fei/ngu0120/Downloads/APPS/apps-mcu-demo/workspace.mcu/i2c/mbed/TARGET_K64F/TOOLCHAIN_GCC_ARM/mbed_overrides.o /home/fei/ngu0120/Downloads/APPS/apps-mcu-demo/workspace.mcu/i2c/mbed/TARGET_K64F/TOOLCHAIN_GCC_ARM/mbed_retarget.o /home/fei/ngu0120/Downloads/APPS/apps-mcu-demo/workspace.mcu/i2c/mbed/TARGET_K64F/TOOLCHAIN_GCC_ARM/mbed_sdk_boot.o /home/fei/ngu0120/Downloads/APPS/apps-mcu-demo/workspace.mcu/i2c/mbed/TARGET_K64F/TOOLCHAIN_GCC_ARM/mbed_tz_context.o /home/fei/ngu0120/Downloads/APPS/apps-mcu-demo/workspace.mcu/i2c/mbed/TARGET_K64F/TOOLCHAIN_GCC_ARM/pinmap.o /home/fei/ngu0120/Downloads/APPS/apps-mcu-demo/workspace.mcu/i2c/mbed/TARGET_K64F/TOOLCHAIN_GCC_ARM/port_api.o /home/fei/ngu0120/Downloads/APPS/apps-mcu-demo/workspace.mcu/i2c/mbed/TARGET_K64F/TOOLCHAIN_GCC_ARM/pwmout_api.o /home/fei/ngu0120/Downloads/APPS/apps-mcu-demo/workspace.mcu/i2c/mbed/TARGET_K64F/TOOLCHAIN_GCC_ARM/rtc_api.o /home/fei/ngu0120/Downloads/APPS/apps-mcu-demo/workspace.mcu/i2c/mbed/TARGET_K64F/TOOLCHAIN_GCC_ARM/serial_api.o /home/fei/ngu0120/Downloads/APPS/apps-mcu-demo/workspace.mcu/i2c/mbed/TARGET_K64F/TOOLCHAIN_GCC_ARM/sleep.o /home/fei/ngu0120/Downloads/APPS/apps-mcu-demo/workspace.mcu/i2c/mbed/TARGET_K64F/TOOLCHAIN_GCC_ARM/spi_api.o /home/fei/ngu0120/Downloads/APPS/apps-mcu-demo/workspace.mcu/i2c/mbed/TARGET_K64F/TOOLCHAIN_GCC_ARM/startup_MK64F12.o /home/fei/ngu0120/Downloads/APPS/apps-mcu-demo/workspace.mcu/i2c/mbed/TARGET_K64F/TOOLCHAIN_GCC_ARM/storage_driver.o /home/fei/ngu0120/Downloads/APPS/apps-mcu-demo/workspace.mcu/i2c/mbed/TARGET_K64F/TOOLCHAIN_GCC_ARM/system_MK64F12.o /home/fei/ngu0120/Downloads/APPS/apps-mcu-demo/workspace.mcu/i2c/mbed/TARGET_K64F/TOOLCHAIN_GCC_ARM/trng_api.o /home/fei/ngu0120/Downloads/APPS/apps-mcu-demo/workspace.mcu/i2c/mbed/TARGET_K64F/TOOLCHAIN_GCC_ARM/us_ticker.o -lmbed -lstdc++ -lsupc++ -lm -lc -lgcc -lnosys -L"/home/fei/ngu0120/Downloads/APPS/apps-mcu-demo/workspace.mcu/i2c/mbed/TARGET_K64F/TOOLCHAIN_GCC_ARM" -DMBED_DEBUG -DMBED_TRAP_ERRORS_ENABLED=1 -Wl,-n -Wl,--start-group -lstdc++ -lsupc++ -lm -lc -lgcc -lnosys -lmbed -Wl,--end-group -Xlinker -Map="i2c.map" -Xlinker -print-memory-usage -Xlinker --gc-sections -Xlinker --wrap=main -Xlinker --wrap=_malloc_r -Xlinker --wrap=_free_r -Xlinker --wrap=_realloc_r -Xlinker --wrap=_memalign_r -Xlinker --wrap=_calloc_r -Xlinker --wrap=exit -Xlinker --wrap=atexit -mcpu=cortex-m4 -mfpu=fpv4-sp-d16 -mfloat-abi=softfp -mthumb -T /home/fei/ngu0120/Downloads/APPS/apps-mcu-demo/workspace.mcu/i2c/Debug/linker-script-debug.ld
Memory region         Used Size  Region Size  %age Used
    m_interrupts:          1 KB         1 KB    100.00%
  m_flash_config:          16 B         16 B    100.00%
          m_text:       63216 B    1047536 B      6.03%
          m_data:          1 KB        64 KB      1.56%
        m_data_2:       30968 B       192 KB     15.75%
Finished building target: i2c.axf
 
make --no-print-directory post-build
Performing post-build steps
arm-none-eabi-size "i2c.axf" ; arm-none-eabi-objcopy -v -O binary "i2c.axf" "i2c.bin" ; checksum -p MK64FN1M0xxx12 -d "i2c.bin"
   text	   data	    bss	    dec	    hex	filename
  61468	   2772	  29252	  93492	  16d34	i2c.axf
copy from `i2c.axf' [elf32-littlearm] to `i2c.bin' [binary]
Written checksum 0xdffcb054 at offset 0x1c in file i2c.bin
Previous value 0x00000000 at offset 0x1c in file i2c.bin
 

12:00:33 Build Finished. 0 errors, 0 warnings. (took 1s.395ms)

